// Jest Snapshot v1, https://goo.gl/fbAQLP

exports[`Teaser renders correctly 1`] = `
<View
  accessible={true}
  focusable={true}
  onClick={[Function]}
  onResponderGrant={[Function]}
  onResponderMove={[Function]}
  onResponderRelease={[Function]}
  onResponderTerminate={[Function]}
  onResponderTerminationRequest={[Function]}
  onStartShouldSetResponder={[Function]}
  style={
    Object {
      "marginBottom": 10,
      "opacity": 1,
    }
  }
>
  <View
    accessibilityIgnoresInvertColors={true}
    style={
      Object {
        "backgroundColor": "#607D8B",
      }
    }
  >
    <Image
      source={
        Object {
          "uri": "cover-url",
        }
      }
      style={
        Array [
          Object {
            "bottom": 0,
            "left": 0,
            "position": "absolute",
            "right": 0,
            "top": 0,
          },
          Object {
            "height": undefined,
            "width": undefined,
          },
          undefined,
        ]
      }
    />
    <View
      style={
        Object {
          "alignItems": "center",
          "backgroundColor": "rgba(0,0,0,0.1)",
          "flex": 1,
          "justifyContent": "center",
          "paddingHorizontal": 20,
          "paddingVertical": 110,
        }
      }
    >
      <Text
        numberOfLines={2}
        style={
          Array [
            Object {
              "color": "#FFFFFF",
              "textShadowColor": "#333",
              "textShadowOffset": Object {
                "height": 1,
                "width": 1,
              },
              "textShadowRadius": 5,
            },
            Object {
              "fontSize": 33,
              "fontWeight": "bold",
              "marginBottom": 10,
              "textAlign": "center",
            },
          ]
        }
      >
        Post Title
      </Text>
      <View
        style={
          Object {
            "flexDirection": "row",
          }
        }
      >
        <Text
          style={
            Array [
              Object {
                "color": "#FFFFFF",
                "textShadowColor": "#333",
                "textShadowOffset": Object {
                  "height": 1,
                  "width": 1,
                },
                "textShadowRadius": 5,
              },
              Object {
                "fontSize": 16,
              },
            ]
          }
        >
          author
           on 
          December 31, 2019
        </Text>
      </View>
    </View>
  </View>
</View>
`;
